// Jest Snapshot v1, https://goo.gl/fbAQLP

exports[`ContactInfo matches snapshot 1`] = `
<div>
  <section
    class="makeStyles-contactSection-18"
  >
    <div
      class="MuiContainer-root MuiContainer-maxWidthLg"
    >
      <h1
        class="makeStyles-contactTitle-21"
      >
        Contact Romano Law
      </h1>
      <div
        class="MuiGrid-root MuiGrid-container"
      >
        <div
          class="MuiGrid-root makeStyles-leftSide-19 MuiGrid-item MuiGrid-grid-xs-12 MuiGrid-grid-md-6"
        >
          <p
            class="MuiTypography-root makeStyles-subsectionTitle-22 MuiTypography-body1"
          >
            Hours
          </p>
          <p
            class="MuiTypography-root makeStyles-daysTitle-23 MuiTypography-body1"
          >
            Mondays through Friday:
          </p>
          <p
            class="MuiTypography-root makeStyles-timesAndAddress-24 MuiTypography-body1"
          >
            9:00AM - 7:00PM
          </p>
          <p
            class="MuiTypography-root makeStyles-daysTitle-23 MuiTypography-body1"
          >
            Saturday:
          </p>
          <p
            class="MuiTypography-root makeStyles-timesAndAddress-24 MuiTypography-body1"
          >
            9:00AM - 7:00PM
          </p>
          <a
            class="makeStyles-telephoneNumber-25"
            href="tel:+12128659848"
          >
            <svg
              class="makeStyles-phoneIcon-26"
              color="#CCAB63"
              fill="currentColor"
              height="1em"
              stroke="currentColor"
              stroke-width="0"
              style="color: rgb(204, 171, 99);"
              viewBox="0 0 512 512"
              width="1em"
              xmlns="http://www.w3.org/2000/svg"
            >
              <path
                d="M493.4 24.6l-104-24c-11.3-2.6-22.9 3.3-27.5 13.9l-48 112c-4.2 9.8-1.4 21.3 6.9 28l60.6 49.6c-36 76.7-98.9 140.5-177.2 177.2l-49.6-60.6c-6.8-8.3-18.2-11.1-28-6.9l-112 48C3.9 366.5-2 378.1.6 389.4l24 104C27.1 504.2 36.7 512 48 512c256.1 0 464-207.5 464-464 0-11.2-7.7-20.9-18.6-23.4z"
              />
            </svg>
            (212) 865 - 9848
          </a>
          <p
            class="MuiTypography-root makeStyles-contactMessage-27 MuiTypography-body1"
          >
            Click
            <a
              class="makeStyles-outsideLink-28"
              href="https://calendly.com/"
            >
              HERE
            </a>
            to schedule a complimentary call.
          </p>
        </div>
        <div
          class="MuiGrid-root makeStyles-rightSide-20 MuiGrid-item MuiGrid-grid-xs-12 MuiGrid-grid-md-6"
        >
          <p
            class="MuiTypography-root makeStyles-subsectionTitle-22 MuiTypography-body1"
          >
            Address
          </p>
          <p
            class="MuiTypography-root makeStyles-timesAndAddress-24 MuiTypography-body1"
          >
            Romano Law PLLC 
            <br />
            55 Broad Street, 18th Fl. 
            <br />
            New York, NY 10004
          </p>
          <p
            class="MuiTypography-root makeStyles-addressSubtitle-29 MuiTypography-body1"
          >
            For directions click
             
            <a
              class="makeStyles-outsideLink-28"
              href="https://google.com/maps"
            >
              HERE
            </a>
          </p>
          <p
            class="MuiTypography-root makeStyles-subsectionTitle-22 MuiTypography-body1"
          >
            Subway Stops
          </p>
          <p
            class="MuiTypography-root makeStyles-subwayDirections-31 MuiTypography-body1"
          >
            We are located in the Financial District of New York City, two blocks south of Wall Street.
          </p>
          <ul>
            <li
              class="makeStyles-subwayStopLi-30"
            >
              <span
                class="makeStyles-subwayIcon-34"
                style="background-color: rgb(238, 53, 46);"
              >
                2
              </span>
              <span
                class="makeStyles-subwayIcon-34"
                style="background-color: rgb(238, 53, 46);"
              >
                3
              </span>
              <p
                class="MuiTypography-root makeStyles-subwayStopText-32 MuiTypography-body1"
              >
                Wall St.
              </p>
            </li>
            <li
              class="makeStyles-subwayStopLi-30"
            >
              <span
                class="makeStyles-subwayIcon-34"
                style="background-color: rgb(0, 147, 60);"
              >
                4
              </span>
              <span
                class="makeStyles-subwayIcon-34"
                style="background-color: rgb(0, 147, 60);"
              >
                5
              </span>
              <p
                class="MuiTypography-root makeStyles-subwayStopText-32 MuiTypography-body1"
              >
                Bowling Green (or Wall)
              </p>
            </li>
            <li
              class="makeStyles-subwayStopLi-30"
            >
              <span
                class="makeStyles-subwayIcon-34"
                style="background-color: rgb(153, 102, 51);"
              >
                J
              </span>
              <span
                class="makeStyles-subwayIcon-34"
                style="background-color: rgb(153, 102, 51);"
              >
                Z
              </span>
              <p
                class="MuiTypography-root makeStyles-subwayStopText-32 MuiTypography-body1"
              >
                Broad St.
              </p>
            </li>
            <li
              class="makeStyles-subwayStopLi-30"
            >
              <span
                class="makeStyles-subwayIcon-34"
                style="background-color: rgb(252, 204, 10);"
              >
                R
              </span>
              <span
                class="makeStyles-subwayIcon-34"
                style="background-color: rgb(252, 204, 10);"
              >
                W
              </span>
              <p
                class="MuiTypography-root makeStyles-subwayStopText-32 MuiTypography-body1"
              >
                Rector St. (or Whitehall)
              </p>
            </li>
            <li
              class="makeStyles-subwayStopLi-30"
            >
              <span
                class="makeStyles-subwayIcon-34"
                style="background-color: rgb(238, 53, 46);"
              >
                1
              </span>
              <p
                class="MuiTypography-root makeStyles-subwayStopText-32 makeStyles-singleTrainText-33 MuiTypography-body1"
              >
                Rector St. (or South Ferry)
              </p>
            </li>
            <li
              class="makeStyles-subwayStopLi-30"
            >
              <span
                class="makeStyles-subwayIcon-34"
                style="background-color: rgb(0, 57, 166);"
              >
                A
              </span>
              <span
                class="makeStyles-subwayIcon-34"
                style="background-color: rgb(0, 57, 166);"
              >
                C
              </span>
              <p
                class="MuiTypography-root makeStyles-subwayStopText-32 MuiTypography-body1"
              >
                Fulton St.
              </p>
            </li>
            <li
              class="makeStyles-subwayStopLi-30"
            >
              <span
                class="makeStyles-subwayIcon-34"
                style="background-color: rgb(0, 57, 166);"
              >
                E
              </span>
              <p
                class="MuiTypography-root makeStyles-subwayStopText-32 makeStyles-singleTrainText-33 MuiTypography-body1"
              >
                World Trade Center
              </p>
            </li>
          </ul>
        </div>
      </div>
    </div>
  </section>
</div>
`;
